
=================================== ERRORS ====================================
_____________ ERROR collecting tests/test_demo_and_generators.py ______________
ImportError while importing test module 'C:\Users\Vikra\OneDrive\Desktop\clara_ai\tests\test_demo_and_generators.py'.
Hint: make sure your test modules/packages have valid Python names.
Traceback:
C:\Python313\Lib\importlib\__init__.py:88: in import_module
    return _bootstrap._gcd_import(name[level:], package, level)
           ^^^^^^^^^^^^^^^^^^^^^^^^^^^^^^^^^^^^^^^^^^^^^^^^^^^^
tests\test_demo_and_generators.py:1: in <module>
    from processors.demo_processor import DemoProcessor
E   ModuleNotFoundError: No module named 'processors'
______________ ERROR collecting tests/test_llm_and_onboarding.py ______________
ImportError while importing test module 'C:\Users\Vikra\OneDrive\Desktop\clara_ai\tests\test_llm_and_onboarding.py'.
Hint: make sure your test modules/packages have valid Python names.
Traceback:
C:\Python313\Lib\importlib\__init__.py:88: in import_module
    return _bootstrap._gcd_import(name[level:], package, level)
           ^^^^^^^^^^^^^^^^^^^^^^^^^^^^^^^^^^^^^^^^^^^^^^^^^^^^
tests\test_llm_and_onboarding.py:1: in <module>
    from utils.llm_client import LLMClient
E   ModuleNotFoundError: No module named 'utils'
_____________ ERROR collecting tests/test_onboarding_edgecases.py _____________
ImportError while importing test module 'C:\Users\Vikra\OneDrive\Desktop\clara_ai\tests\test_onboarding_edgecases.py'.
Hint: make sure your test modules/packages have valid Python names.
Traceback:
C:\Python313\Lib\importlib\__init__.py:88: in import_module
    return _bootstrap._gcd_import(name[level:], package, level)
           ^^^^^^^^^^^^^^^^^^^^^^^^^^^^^^^^^^^^^^^^^^^^^^^^^^^^
tests\test_onboarding_edgecases.py:2: in <module>
    from processors.onboarding_processor import OnboardingProcessor
E   ModuleNotFoundError: No module named 'processors'
___________ ERROR collecting tests/test_onboarding_normalization.py ___________
ImportError while importing test module 'C:\Users\Vikra\OneDrive\Desktop\clara_ai\tests\test_onboarding_normalization.py'.
Hint: make sure your test modules/packages have valid Python names.
Traceback:
C:\Python313\Lib\importlib\__init__.py:88: in import_module
    return _bootstrap._gcd_import(name[level:], package, level)
           ^^^^^^^^^^^^^^^^^^^^^^^^^^^^^^^^^^^^^^^^^^^^^^^^^^^^
tests\test_onboarding_normalization.py:2: in <module>
    from processors.onboarding_processor import OnboardingProcessor
E   ModuleNotFoundError: No module named 'processors'
============================== warnings summary ===============================
utils\llm_client.py:210
  C:\Users\Vikra\OneDrive\Desktop\clara_ai\utils\llm_client.py:210: DeprecationWarning: datetime.datetime.utcnow() is deprecated and scheduled for removal in a future version. Use timezone-aware objects to represent datetimes in UTC: datetime.datetime.now(datetime.UTC).
    ts = datetime.utcnow().strftime("%Y%m%dT%H%M%SZ")

-- Docs: https://docs.pytest.org/en/stable/how-to/capture-warnings.html
=========================== short test summary info ===========================
ERROR tests/test_demo_and_generators.py
ERROR tests/test_llm_and_onboarding.py
ERROR tests/test_onboarding_edgecases.py
ERROR tests/test_onboarding_normalization.py
!!!!!!!!!!!!!!!!!!! Interrupted: 4 errors during collection !!!!!!!!!!!!!!!!!!!
1 warning, 4 errors in 5.89s
